../Core/Src/main.c:100:6:Set_Pin_Output	40	static
../Core/Src/main.c:110:6:Set_Pin_Input	40	static
../Core/Src/main.c:118:6:Delay_us	16	static
../Core/Src/main.c:123:6:DHT22_Start	8	static
../Core/Src/main.c:133:9:DHT22_Check_Response	16	static
../Core/Src/main.c:149:9:DHT22_Read	16	static
../Core/Src/main.c:169:6:DHT22	8	static
../Core/Src/main.c:190:6:SHT40_ReadTemperatureHumidity	40	static
../Core/Src/main.c:216:6:BH1750_ReadLightIntensity	32	static
../Core/Src/main.c:240:6:SendData	96	static
../Core/Src/main.c:281:5:CheckTem	4	static
../Core/Src/main.c:294:5:CheckHum	4	static
../Core/Src/main.c:307:5:CheckLight	4	static
../Core/Src/main.c:328:5:main	16	static
../Core/Src/main.c:384:6:SystemClock_Config	88	static
../Core/Src/main.c:431:13:MX_I2C1_Init	8	static
../Core/Src/main.c:479:13:MX_TIM2_Init	32	static
../Core/Src/main.c:524:13:MX_USART1_UART_Init	8	static
../Core/Src/main.c:557:13:MX_GPIO_Init	40	static
../Core/Src/main.c:595:6:Error_Handler	4	static,ignoring_inline_asm
